2026-07-26 15:06:33 [INFO] __main__: Event Inventory 開始，universe scope=watchlist，共 24 檔股票
2026-07-26 15:06:33 [INFO] __main__: 建立大盤 regime 時間序列（只需要跑一次，跟個股迴圈無關）...
2026-07-26 15:06:40 [INFO] __main__: [1/24] 2330 完成，偵測到 13 個事件
2026-07-26 15:06:44 [INFO] __main__: [2/24] 3374 完成，偵測到 5 個事件
2026-07-26 15:06:47 [INFO] __main__: [3/24] 6223 完成，偵測到 4 個事件
2026-07-26 15:06:49 [INFO] __main__: [4/24] 3711 完成，偵測到 12 個事件
2026-07-26 15:06:52 [INFO] __main__: [5/24] 6841 完成，偵測到 9 個事件
2026-07-26 15:06:54 [INFO] __main__: [6/24] 2382 完成，偵測到 6 個事件
2026-07-26 15:06:56 [INFO] __main__: [7/24] 3231 完成，偵測到 11 個事件
2026-07-26 15:06:58 [INFO] __main__: [8/24] 2356 完成，偵測到 10 個事件
2026-07-26 15:07:00 [INFO] __main__: [9/24] 6472 完成，偵測到 6 個事件
2026-07-26 15:07:01 [INFO] __main__: [10/24] 6901 完成，偵測到 4 個事件
2026-07-26 15:07:04 [INFO] __main__: [11/24] 4743 完成，偵測到 6 個事件
2026-07-26 15:07:07 [INFO] __main__: [12/24] 6712 完成，偵測到 5 個事件
2026-07-26 15:07:09 [INFO] __main__: [13/24] 2317 完成，偵測到 8 個事件
2026-07-26 15:07:11 [INFO] __main__: [14/24] 2454 完成，偵測到 8 個事件
2026-07-26 15:07:13 [INFO] __main__: [15/24] 2308 完成，偵測到 6 個事件
2026-07-26 15:07:15 [INFO] __main__: [16/24] 2379 完成，偵測到 8 個事件
2026-07-26 15:07:17 [INFO] __main__: [17/24] 3034 完成，偵測到 8 個事件
2026-07-26 15:07:19 [INFO] __main__: [18/24] 2412 完成，偵測到 8 個事件
2026-07-26 15:07:21 [INFO] __main__: [19/24] 2881 完成，偵測到 8 個事件
2026-07-26 15:07:23 [INFO] __main__: [20/24] 2603 完成，偵測到 5 個事件
2026-07-26 15:07:25 [INFO] __main__: [21/24] 1515 完成，偵測到 4 個事件
2026-07-26 15:08:02 [WARNING] engines.chip_engine: [institutional] TWSE回應 stat=很抱歉，沒有符合條件的資料!，說明：很抱歉，沒有符合條件的資料!
2026-07-26 15:08:03 [WARNING] engines.chip_engine: [institutional] TWSE回應 stat=很抱歉，沒有符合條件的資料!，說明：很抱歉，沒有符合條件的資料!
2026-07-26 15:08:09 [WARNING] engines.chip_engine: [institutional] TWSE回應 stat=很抱歉，沒有符合條件的資料!，說明：很抱歉，沒有符合條件的資料!
2026-07-26 15:08:10 [WARNING] engines.chip_engine: [institutional] TWSE回應 stat=很抱歉，沒有符合條件的資料!，說明：很抱歉，沒有符合條件的資料!
2026-07-26 15:08:21 [WARNING] engines.chip_engine: [institutional] TWSE回應 stat=很抱歉，沒有符合條件的資料!，說明：很抱歉，沒有符合條件的資料!
2026-07-26 15:08:21 [WARNING] engines.chip_engine: [institutional] TWSE回應 stat=很抱歉，沒有符合條件的資料!，說明：很抱歉，沒有符合條件的資料!
2026-07-26 15:08:22 [WARNING] engines.chip_engine: [institutional] TWSE回應 stat=很抱歉，沒有符合條件的資料!，說明：很抱歉，沒有符合條件的資料!
2026-07-26 15:08:31 [WARNING] engines.chip_engine: [institutional] TWSE回應 stat=很抱歉，沒有符合條件的資料!，說明：很抱歉，沒有符合條件的資料!
2026-07-26 15:08:31 [WARNING] engines.chip_engine: [institutional] TWSE回應 stat=很抱歉，沒有符合條件的資料!，說明：很抱歉，沒有符合條件的資料!
2026-07-26 15:08:42 [WARNING] engines.chip_engine: [institutional] TWSE回應 stat=很抱歉，沒有符合條件的資料!，說明：很抱歉，沒有符合條件的資料!
2026-07-26 15:08:43 [WARNING] engines.chip_engine: [institutional] TWSE回應 stat=很抱歉，沒有符合條件的資料!，說明：很抱歉，沒有符合條件的資料!
2026-07-26 15:08:53 [WARNING] engines.chip_engine: [institutional] TWSE回應 stat=很抱歉，沒有符合條件的資料!，說明：很抱歉，沒有符合條件的資料!
2026-07-26 15:08:54 [WARNING] engines.chip_engine: [institutional] TWSE回應 stat=很抱歉，沒有符合條件的資料!，說明：很抱歉，沒有符合條件的資料!
2026-07-26 15:08:54 [WARNING] engines.chip_engine: [institutional] TWSE回應 stat=很抱歉，沒有符合條件的資料!，說明：很抱歉，沒有符合條件的資料!
2026-07-26 15:09:03 [WARNING] engines.chip_engine: [institutional] TWSE回應 stat=很抱歉，沒有符合條件的資料!，說明：很抱歉，沒有符合條件的資料!
2026-07-26 15:09:04 [WARNING] engines.chip_engine: [institutional] TWSE回應 stat=很抱歉，沒有符合條件的資料!，說明：很抱歉，沒有符合條件的資料!
2026-07-26 15:10:36 [WARNING] engines.chip_flow_engine: [margin] 只取得 0/30 個交易日的全市場快照（可能是連假、TWSE服務異常，或 lookback_days 設定超過近期實際交易日數）
2026-07-26 15:14:38 [WARNING] engines.chip_engine: [institutional] TWSE回應 stat=很抱歉，沒有符合條件的資料!，說明：很抱歉，沒有符合條件的資料!
2026-07-26 15:14:39 [WARNING] engines.chip_engine: [institutional] TWSE回應 stat=很抱歉，沒有符合條件的資料!，說明：很抱歉，沒有符合條件的資料!
2026-07-26 15:15:10 [INFO] research.event_inventory: Event Inventory 開始，universe scope=watchlist，共 24 檔股票
2026-07-26 15:15:10 [INFO] research.event_inventory: 建立大盤 regime 時間序列（只需要跑一次，跟個股迴圈無關）...
2026-07-26 15:15:10 [INFO] research.event_inventory: [1/24] 2330 已處理過（checkpoint），略過
2026-07-26 15:15:10 [INFO] research.event_inventory: [2/24] 3374 已處理過（checkpoint），略過
2026-07-26 15:15:10 [INFO] research.event_inventory: [3/24] 6223 已處理過（checkpoint），略過
2026-07-26 15:15:10 [INFO] research.event_inventory: [4/24] 3711 已處理過（checkpoint），略過
2026-07-26 15:15:10 [INFO] research.event_inventory: [5/24] 6841 已處理過（checkpoint），略過
2026-07-26 15:15:10 [INFO] research.event_inventory: [6/24] 2382 已處理過（checkpoint），略過
2026-07-26 15:15:10 [INFO] research.event_inventory: [7/24] 3231 已處理過（checkpoint），略過
2026-07-26 15:15:10 [INFO] research.event_inventory: [8/24] 2356 已處理過（checkpoint），略過
2026-07-26 15:15:10 [INFO] research.event_inventory: [9/24] 6472 已處理過（checkpoint），略過
2026-07-26 15:15:10 [INFO] research.event_inventory: [10/24] 6901 已處理過（checkpoint），略過
2026-07-26 15:15:10 [INFO] research.event_inventory: [11/24] 4743 已處理過（checkpoint），略過
2026-07-26 15:15:10 [INFO] research.event_inventory: [12/24] 6712 已處理過（checkpoint），略過
2026-07-26 15:15:10 [INFO] research.event_inventory: [13/24] 2317 已處理過（checkpoint），略過
2026-07-26 15:15:10 [INFO] research.event_inventory: [14/24] 2454 已處理過（checkpoint），略過
2026-07-26 15:15:10 [INFO] research.event_inventory: [15/24] 2308 已處理過（checkpoint），略過
2026-07-26 15:15:10 [INFO] research.event_inventory: [16/24] 2379 已處理過（checkpoint），略過
2026-07-26 15:15:10 [INFO] research.event_inventory: [17/24] 3034 已處理過（checkpoint），略過
2026-07-26 15:15:10 [INFO] research.event_inventory: [18/24] 2412 已處理過（checkpoint），略過
2026-07-26 15:15:10 [INFO] research.event_inventory: [19/24] 2881 已處理過（checkpoint），略過
2026-07-26 15:15:10 [INFO] research.event_inventory: [20/24] 2603 已處理過（checkpoint），略過
2026-07-26 15:15:10 [INFO] research.event_inventory: [21/24] 1515 已處理過（checkpoint），略過
2026-07-26 15:15:11 [INFO] research.event_inventory: [22/24] 1101 完成，偵測到 7 個事件
2026-07-26 15:15:13 [INFO] research.event_inventory: [23/24] 0050 完成，偵測到 11 個事件
2026-07-26 15:15:14 [INFO] research.event_inventory: [24/24] 006208 完成，偵測到 14 個事件
2026-07-26 15:15:15 [INFO] research.event_inventory: Event Inventory 全部股票處理完畢，開始產出 summary report
2026-07-26 15:15:43 [WARNING] engines.chip_engine: [institutional] TWSE回應 stat=很抱歉，沒有符合條件的資料!，說明：很抱歉，沒有符合條件的資料!
2026-07-26 15:15:43 [WARNING] engines.chip_engine: [institutional] TWSE回應 stat=很抱歉，沒有符合條件的資料!，說明：很抱歉，沒有符合條件的資料!
2026-07-26 15:16:23 [WARNING] engines.chip_engine: [institutional] TWSE回應 stat=很抱歉，沒有符合條件的資料!，說明：很抱歉，沒有符合條件的資料!
2026-07-26 15:16:23 [WARNING] engines.chip_engine: [institutional] TWSE回應 stat=很抱歉，沒有符合條件的資料!，說明：很抱歉，沒有符合條件的資料!
2026-07-26 15:16:42 [INFO] __main__: Event Inventory 開始，universe scope=watchlist，共 24 檔股票
2026-07-26 15:16:42 [INFO] __main__: 建立大盤 regime 時間序列（只需要跑一次，跟個股迴圈無關）...
2026-07-26 15:16:43 [INFO] __main__: [1/24] 2330 已處理過（checkpoint），略過
2026-07-26 15:16:43 [INFO] __main__: [2/24] 3374 已處理過（checkpoint），略過
2026-07-26 15:16:43 [INFO] __main__: [3/24] 6223 已處理過（checkpoint），略過
2026-07-26 15:16:43 [INFO] __main__: [4/24] 3711 已處理過（checkpoint），略過
2026-07-26 15:16:43 [INFO] __main__: [5/24] 6841 已處理過（checkpoint），略過
2026-07-26 15:16:43 [INFO] __main__: [6/24] 2382 已處理過（checkpoint），略過
2026-07-26 15:16:43 [INFO] __main__: [7/24] 3231 已處理過（checkpoint），略過
2026-07-26 15:16:43 [INFO] __main__: [8/24] 2356 已處理過（checkpoint），略過
2026-07-26 15:16:43 [INFO] __main__: [9/24] 6472 已處理過（checkpoint），略過
2026-07-26 15:16:43 [INFO] __main__: [10/24] 6901 已處理過（checkpoint），略過
2026-07-26 15:16:43 [INFO] __main__: [11/24] 4743 已處理過（checkpoint），略過
2026-07-26 15:16:43 [INFO] __main__: [12/24] 6712 已處理過（checkpoint），略過
2026-07-26 15:16:43 [INFO] __main__: [13/24] 2317 已處理過（checkpoint），略過
2026-07-26 15:16:43 [INFO] __main__: [14/24] 2454 已處理過（checkpoint），略過
2026-07-26 15:16:43 [INFO] __main__: [15/24] 2308 已處理過（checkpoint），略過
2026-07-26 15:16:43 [INFO] __main__: [16/24] 2379 已處理過（checkpoint），略過
2026-07-26 15:16:43 [INFO] __main__: [17/24] 3034 已處理過（checkpoint），略過
2026-07-26 15:16:43 [INFO] __main__: [18/24] 2412 已處理過（checkpoint），略過
2026-07-26 15:16:43 [INFO] __main__: [19/24] 2881 已處理過（checkpoint），略過
2026-07-26 15:16:43 [INFO] __main__: [20/24] 2603 已處理過（checkpoint），略過
2026-07-26 15:16:43 [INFO] __main__: [21/24] 1515 已處理過（checkpoint），略過
2026-07-26 15:16:43 [INFO] __main__: [22/24] 1101 已處理過（checkpoint），略過
2026-07-26 15:16:43 [INFO] __main__: [23/24] 0050 已處理過（checkpoint），略過
2026-07-26 15:16:43 [INFO] __main__: [24/24] 006208 已處理過（checkpoint），略過
2026-07-26 15:16:43 [INFO] __main__: Event Inventory 全部股票處理完畢，開始產出 summary report
2026-07-26 15:17:36 [ERROR] __main__: [50] Phase B 抓取歷史股價失敗，此股票的所有事件 forward return 記為 NaN
Traceback (most recent call last):
  File "C:\Users\e5988\Desktop\15\research\phase_b_forward_return.py", line 132, in compute_forward_returns
    price_df = DataEngine.get_stock_data(ticker, use_cache=use_cache)
  File "C:\Users\e5988\Desktop\15\engines\data_engine.py", line 91, in get_stock_data
    raise Exception(
    ...<3 lines>...
    )
Exception: 【錯誤】查無股票代碼 [50] 的資料。若為興櫃股票，yfinance 目前對興櫃資料覆蓋率偏低，可能沒有歷史K線可用；一般上市/上櫃股票與ETF應可正常查詢，請確認代碼是否正確。
2026-07-26 15:17:39 [WARNING] __main__: [phase_b:volume] 4/186 筆事件因為未來資料不足（太接近資料最後一天），forward return 不完整或無法計算。
2026-07-26 15:17:40 [ERROR] __main__: [50] Phase B 抓取歷史股價失敗，此股票的所有事件 forward return 記為 NaN
Traceback (most recent call last):
  File "C:\Users\e5988\Desktop\15\research\phase_b_forward_return.py", line 132, in compute_forward_returns
    price_df = DataEngine.get_stock_data(ticker, use_cache=use_cache)
  File "C:\Users\e5988\Desktop\15\engines\data_engine.py", line 91, in get_stock_data
    raise Exception(
    ...<3 lines>...
    )
Exception: 【錯誤】查無股票代碼 [50] 的資料。若為興櫃股票，yfinance 目前對興櫃資料覆蓋率偏低，可能沒有歷史K線可用；一般上市/上櫃股票與ETF應可正常查詢，請確認代碼是否正確。
2026-07-26 15:17:40 [WARNING] __main__: [phase_b:liquidity] 4/186 筆事件因為未來資料不足（太接近資料最後一天），forward return 不完整或無法計算。
2026-07-26 15:17:40 [ERROR] __main__: [50] Phase B 抓取歷史股價失敗，此股票的所有事件 forward return 記為 NaN
Traceback (most recent call last):
  File "C:\Users\e5988\Desktop\15\research\phase_b_forward_return.py", line 132, in compute_forward_returns
    price_df = DataEngine.get_stock_data(ticker, use_cache=use_cache)
  File "C:\Users\e5988\Desktop\15\engines\data_engine.py", line 91, in get_stock_data
    raise Exception(
    ...<3 lines>...
    )
Exception: 【錯誤】查無股票代碼 [50] 的資料。若為興櫃股票，yfinance 目前對興櫃資料覆蓋率偏低，可能沒有歷史K線可用；一般上市/上櫃股票與ETF應可正常查詢，請確認代碼是否正確。
2026-07-26 15:17:40 [WARNING] __main__: [phase_b:breakout_count] 4/186 筆事件因為未來資料不足（太接近資料最後一天），forward return 不完整或無法計算。
2026-07-26 15:18:01 [ERROR] __main__: [50] Phase B 抓取歷史股價失敗，此股票的所有事件 forward return 記為 NaN
Traceback (most recent call last):
  File "C:\Users\e5988\Desktop\15\research\phase_b_forward_return.py", line 132, in compute_forward_returns
    price_df = DataEngine.get_stock_data(ticker, use_cache=use_cache)
  File "C:\Users\e5988\Desktop\15\engines\data_engine.py", line 91, in get_stock_data
    raise Exception(
    ...<3 lines>...
    )
Exception: 【錯誤】查無股票代碼 [50] 的資料。若為興櫃股票，yfinance 目前對興櫃資料覆蓋率偏低，可能沒有歷史K線可用；一般上市/上櫃股票與ETF應可正常查詢，請確認代碼是否正確。
2026-07-26 15:18:01 [WARNING] __main__: [phase_b:volume] 4/186 筆事件因為未來資料不足（太接近資料最後一天），forward return 不完整或無法計算。
2026-07-26 15:18:02 [ERROR] __main__: [50] Phase B 抓取歷史股價失敗，此股票的所有事件 forward return 記為 NaN
Traceback (most recent call last):
  File "C:\Users\e5988\Desktop\15\research\phase_b_forward_return.py", line 132, in compute_forward_returns
    price_df = DataEngine.get_stock_data(ticker, use_cache=use_cache)
  File "C:\Users\e5988\Desktop\15\engines\data_engine.py", line 91, in get_stock_data
    raise Exception(
    ...<3 lines>...
    )
Exception: 【錯誤】查無股票代碼 [50] 的資料。若為興櫃股票，yfinance 目前對興櫃資料覆蓋率偏低，可能沒有歷史K線可用；一般上市/上櫃股票與ETF應可正常查詢，請確認代碼是否正確。
2026-07-26 15:18:02 [WARNING] __main__: [phase_b:liquidity] 4/186 筆事件因為未來資料不足（太接近資料最後一天），forward return 不完整或無法計算。
2026-07-26 15:18:03 [ERROR] __main__: [50] Phase B 抓取歷史股價失敗，此股票的所有事件 forward return 記為 NaN
Traceback (most recent call last):
  File "C:\Users\e5988\Desktop\15\research\phase_b_forward_return.py", line 132, in compute_forward_returns
    price_df = DataEngine.get_stock_data(ticker, use_cache=use_cache)
  File "C:\Users\e5988\Desktop\15\engines\data_engine.py", line 91, in get_stock_data
    raise Exception(
    ...<3 lines>...
    )
Exception: 【錯誤】查無股票代碼 [50] 的資料。若為興櫃股票，yfinance 目前對興櫃資料覆蓋率偏低，可能沒有歷史K線可用；一般上市/上櫃股票與ETF應可正常查詢，請確認代碼是否正確。
2026-07-26 15:18:03 [WARNING] __main__: [phase_b:breakout_count] 4/186 筆事件因為未來資料不足（太接近資料最後一天），forward return 不完整或無法計算。
2026-07-26 15:24:41 [WARNING] engines.chip_engine: [institutional] TWSE回應 stat=很抱歉，沒有符合條件的資料!，說明：很抱歉，沒有符合條件的資料!
2026-07-26 15:24:41 [WARNING] engines.chip_engine: [institutional] TWSE回應 stat=很抱歉，沒有符合條件的資料!，說明：很抱歉，沒有符合條件的資料!
2026-07-26 15:24:50 [WARNING] engines.chip_engine: [institutional] TWSE回應 stat=很抱歉，沒有符合條件的資料!，說明：很抱歉，沒有符合條件的資料!
2026-07-26 15:24:51 [WARNING] engines.chip_engine: [institutional] TWSE回應 stat=很抱歉，沒有符合條件的資料!，說明：很抱歉，沒有符合條件的資料!
2026-07-26 15:24:54 [WARNING] engines.chip_engine: [institutional] TWSE回應 stat=很抱歉，沒有符合條件的資料!，說明：很抱歉，沒有符合條件的資料!
2026-07-26 15:24:55 [WARNING] engines.chip_engine: [institutional] TWSE回應 stat=很抱歉，沒有符合條件的資料!，說明：很抱歉，沒有符合條件的資料!
2026-07-26 15:24:55 [WARNING] engines.chip_engine: [institutional] TWSE回應 stat=很抱歉，沒有符合條件的資料!，說明：很抱歉，沒有符合條件的資料!
2026-07-26 15:24:58 [WARNING] engines.chip_engine: [institutional] TWSE回應 stat=很抱歉，沒有符合條件的資料!，說明：很抱歉，沒有符合條件的資料!
2026-07-26 15:24:59 [WARNING] engines.chip_engine: [institutional] TWSE回應 stat=很抱歉，沒有符合條件的資料!，說明：很抱歉，沒有符合條件的資料!
2026-07-26 15:25:03 [WARNING] engines.chip_engine: [institutional] TWSE回應 stat=很抱歉，沒有符合條件的資料!，說明：很抱歉，沒有符合條件的資料!
2026-07-26 15:25:04 [WARNING] engines.chip_engine: [institutional] TWSE回應 stat=很抱歉，沒有符合條件的資料!，說明：很抱歉，沒有符合條件的資料!
2026-07-26 15:25:11 [WARNING] engines.chip_engine: [institutional] TWSE回應 stat=很抱歉，沒有符合條件的資料!，說明：很抱歉，沒有符合條件的資料!
2026-07-26 15:25:12 [WARNING] engines.chip_engine: [institutional] TWSE回應 stat=很抱歉，沒有符合條件的資料!，說明：很抱歉，沒有符合條件的資料!
2026-07-26 15:25:12 [WARNING] engines.chip_engine: [institutional] TWSE回應 stat=很抱歉，沒有符合條件的資料!，說明：很抱歉，沒有符合條件的資料!
2026-07-26 15:25:21 [WARNING] engines.chip_engine: [institutional] TWSE回應 stat=很抱歉，沒有符合條件的資料!，說明：很抱歉，沒有符合條件的資料!
2026-07-26 15:25:22 [WARNING] engines.chip_engine: [institutional] TWSE回應 stat=很抱歉，沒有符合條件的資料!，說明：很抱歉，沒有符合條件的資料!
2026-07-26 15:57:29 [INFO] research.event_inventory: Event Inventory 開始，universe scope=watchlist，共 24 檔股票
2026-07-26 15:57:29 [INFO] research.event_inventory: 建立大盤 regime 時間序列（只需要跑一次，跟個股迴圈無關）...
2026-07-26 15:57:32 [INFO] research.event_inventory: [1/24] 2330 完成，偵測到 13 個事件
2026-07-26 15:57:35 [INFO] research.event_inventory: [2/24] 3374 完成，偵測到 5 個事件
2026-07-26 15:57:39 [INFO] research.event_inventory: [3/24] 6223 完成，偵測到 4 個事件
2026-07-26 15:57:41 [INFO] research.event_inventory: [4/24] 3711 完成，偵測到 12 個事件
2026-07-26 15:57:44 [INFO] research.event_inventory: [5/24] 6841 完成，偵測到 9 個事件
2026-07-26 15:57:46 [INFO] research.event_inventory: [6/24] 2382 完成，偵測到 6 個事件
2026-07-26 15:57:48 [INFO] research.event_inventory: [7/24] 3231 完成，偵測到 11 個事件
2026-07-26 15:57:50 [INFO] research.event_inventory: [8/24] 2356 完成，偵測到 10 個事件
2026-07-26 15:57:52 [INFO] research.event_inventory: [9/24] 6472 完成，偵測到 6 個事件
2026-07-26 15:57:54 [INFO] research.event_inventory: [10/24] 6901 完成，偵測到 4 個事件
2026-07-26 15:57:56 [INFO] research.event_inventory: [11/24] 4743 完成，偵測到 6 個事件
2026-07-26 15:58:00 [INFO] research.event_inventory: [12/24] 6712 完成，偵測到 5 個事件
2026-07-26 15:58:02 [INFO] research.event_inventory: [13/24] 2317 完成，偵測到 8 個事件
2026-07-26 15:58:04 [INFO] research.event_inventory: [14/24] 2454 完成，偵測到 8 個事件
2026-07-26 15:58:06 [INFO] research.event_inventory: [15/24] 2308 完成，偵測到 6 個事件
2026-07-26 15:58:08 [INFO] research.event_inventory: [16/24] 2379 完成，偵測到 8 個事件
2026-07-26 15:58:10 [INFO] research.event_inventory: [17/24] 3034 完成，偵測到 8 個事件
2026-07-26 15:58:12 [INFO] research.event_inventory: [18/24] 2412 完成，偵測到 8 個事件
2026-07-26 15:58:14 [INFO] research.event_inventory: [19/24] 2881 完成，偵測到 8 個事件
2026-07-26 15:58:16 [INFO] research.event_inventory: [20/24] 2603 完成，偵測到 5 個事件
2026-07-26 15:58:17 [INFO] research.event_inventory: [21/24] 1515 完成，偵測到 4 個事件
2026-07-26 15:58:20 [INFO] research.event_inventory: [22/24] 1101 完成，偵測到 7 個事件
2026-07-26 15:58:21 [INFO] research.event_inventory: [23/24] 0050 完成，偵測到 11 個事件
2026-07-26 15:58:23 [INFO] research.event_inventory: [24/24] 006208 完成，偵測到 14 個事件
2026-07-26 15:58:24 [INFO] research.event_inventory: Event Inventory 全部股票處理完畢，開始產出 summary report
2026-07-26 16:27:28 [WARNING] engines.chip_engine: [institutional] TWSE回應 stat=很抱歉，沒有符合條件的資料!，說明：很抱歉，沒有符合條件的資料!
2026-07-26 16:27:28 [WARNING] engines.chip_engine: [institutional] TWSE回應 stat=很抱歉，沒有符合條件的資料!，說明：很抱歉，沒有符合條件的資料!
2026-07-26 16:27:36 [WARNING] engines.chip_engine: [institutional] TWSE回應 stat=很抱歉，沒有符合條件的資料!，說明：很抱歉，沒有符合條件的資料!
2026-07-26 16:27:36 [WARNING] engines.chip_engine: [institutional] TWSE回應 stat=很抱歉，沒有符合條件的資料!，說明：很抱歉，沒有符合條件的資料!
2026-07-26 16:27:46 [WARNING] engines.chip_engine: [institutional] TWSE回應 stat=很抱歉，沒有符合條件的資料!，說明：很抱歉，沒有符合條件的資料!
2026-07-26 16:27:47 [WARNING] engines.chip_engine: [institutional] TWSE回應 stat=很抱歉，沒有符合條件的資料!，說明：很抱歉，沒有符合條件的資料!
2026-07-26 16:27:48 [WARNING] engines.chip_engine: [institutional] TWSE回應 stat=很抱歉，沒有符合條件的資料!，說明：很抱歉，沒有符合條件的資料!
2026-07-26 16:27:55 [WARNING] engines.chip_engine: [institutional] TWSE回應 stat=很抱歉，沒有符合條件的資料!，說明：很抱歉，沒有符合條件的資料!
2026-07-26 16:27:56 [WARNING] engines.chip_engine: [institutional] TWSE回應 stat=很抱歉，沒有符合條件的資料!，說明：很抱歉，沒有符合條件的資料!
2026-07-26 16:28:04 [WARNING] engines.chip_engine: [institutional] TWSE回應 stat=很抱歉，沒有符合條件的資料!，說明：很抱歉，沒有符合條件的資料!
2026-07-26 16:28:05 [WARNING] engines.chip_engine: [institutional] TWSE回應 stat=很抱歉，沒有符合條件的資料!，說明：很抱歉，沒有符合條件的資料!
2026-07-26 16:28:11 [WARNING] engines.chip_engine: [institutional] TWSE回應 stat=很抱歉，沒有符合條件的資料!，說明：很抱歉，沒有符合條件的資料!
2026-07-26 16:28:12 [WARNING] engines.chip_engine: [institutional] TWSE回應 stat=很抱歉，沒有符合條件的資料!，說明：很抱歉，沒有符合條件的資料!
2026-07-26 16:28:13 [WARNING] engines.chip_engine: [institutional] TWSE回應 stat=很抱歉，沒有符合條件的資料!，說明：很抱歉，沒有符合條件的資料!
2026-07-26 16:28:17 [WARNING] engines.chip_engine: [institutional] TWSE回應 stat=很抱歉，沒有符合條件的資料!，說明：很抱歉，沒有符合條件的資料!
2026-07-26 16:28:18 [WARNING] engines.chip_engine: [institutional] TWSE回應 stat=很抱歉，沒有符合條件的資料!，說明：很抱歉，沒有符合條件的資料!
2026-07-26 16:29:57 [WARNING] engines.chip_flow_engine: [margin] 只取得 0/30 個交易日的全市場快照（可能是連假、TWSE服務異常，或 lookback_days 設定超過近期實際交易日數）
2026-07-26 16:36:11 [WARNING] engines.chip_engine: [institutional] TWSE回應 stat=很抱歉，沒有符合條件的資料!，說明：很抱歉，沒有符合條件的資料!
2026-07-26 16:36:11 [WARNING] engines.chip_engine: [institutional] TWSE回應 stat=很抱歉，沒有符合條件的資料!，說明：很抱歉，沒有符合條件的資料!
2026-07-26 16:36:16 [WARNING] engines.chip_engine: [institutional] TWSE回應 stat=很抱歉，沒有符合條件的資料!，說明：很抱歉，沒有符合條件的資料!
2026-07-26 16:36:17 [WARNING] engines.chip_engine: [institutional] TWSE回應 stat=很抱歉，沒有符合條件的資料!，說明：很抱歉，沒有符合條件的資料!
2026-07-26 16:36:55 [WARNING] engines.chip_flow_engine: [margin] 只取得 0/10 個交易日的全市場快照（可能是連假、TWSE服務異常，或 lookback_days 設定超過近期實際交易日數）
2026-07-26 16:37:58 [WARNING] engines.chip_engine: [institutional] TWSE回應 stat=很抱歉，沒有符合條件的資料!，說明：很抱歉，沒有符合條件的資料!
2026-07-26 16:37:59 [WARNING] engines.chip_engine: [institutional] TWSE回應 stat=很抱歉，沒有符合條件的資料!，說明：很抱歉，沒有符合條件的資料!
2026-07-26 16:38:04 [WARNING] engines.chip_engine: [institutional] TWSE回應 stat=很抱歉，沒有符合條件的資料!，說明：很抱歉，沒有符合條件的資料!
2026-07-26 16:38:05 [WARNING] engines.chip_engine: [institutional] TWSE回應 stat=很抱歉，沒有符合條件的資料!，說明：很抱歉，沒有符合條件的資料!
2026-07-26 16:38:43 [WARNING] engines.chip_flow_engine: [margin] 只取得 0/10 個交易日的全市場快照（可能是連假、TWSE服務異常，或 lookback_days 設定超過近期實際交易日數）
2026-07-26 16:58:28 [WARNING] engines.chip_engine: [institutional] TWSE回應 stat=很抱歉，沒有符合條件的資料!，說明：很抱歉，沒有符合條件的資料!
2026-07-26 16:58:29 [WARNING] engines.chip_engine: [institutional] TWSE回應 stat=很抱歉，沒有符合條件的資料!，說明：很抱歉，沒有符合條件的資料!
